// Jest Snapshot v1, https://goo.gl/fbAQLP

exports[`EditableDateField renders properly 1`] = `
<EditableDateField
  column={
    Object {
      "name": "testName",
      "value": "testValue",
    }
  }
  onClickEditRow={[MockFunction]}
  onUpdateField={[Function]}
  rowId={1}
  validateRow={[MockFunction]}
  validators={
    Array [
      Object {
        "message": " This field is required! ",
        "name": "requiredField",
        "rule": [Function],
      },
    ]
  }
>
  <td
    key="testValue"
    onClick={[Function]}
  />
</EditableDateField>
`;
