// Jest Snapshot v1, https://goo.gl/fbAQLP

exports[`CustomButtons renders properly 1`] = `
<React.Fragment>
  <li
    className="list-inline-item"
    key="1-0"
  >
    <span
      className="icon icon-edit"
      onClick={[Function]}
    >
       
       
    </span>
  </li>
  <li
    className="list-inline-item"
    key="1-1"
  >
    <h1>
      testH1
    </h1>
  </li>
</React.Fragment>
`;
